// Jest Snapshot v1, https://goo.gl/fbAQLP

exports[`Input testing Snapshot tesing 1`] = `[Function]`;
