// Jest Snapshot v1, https://goo.gl/fbAQLP

exports[`SelectYourPlan correct render should match snapshot 1`] = `
<DocumentFragment>
  <div
    id="step"
  >
    <div
      id="content"
    >
      <div
        id="header"
      >
        <h1>
          Select your plan
        </h1>
        <h2>
          You have the option of monthly or yearly billing.
        </h2>
      </div>
      <div
        class="option"
      >
        <input
          checked=""
          id="arcade"
          name="plan"
          type="radio"
          value="arcade"
        />
        <div
          height="40"
          width="40"
        />
        <label
          for="arcade"
        >
          Arcade
        </label>
        <p>
          $90/yr
        </p>
        <p>
          2 months free
        </p>
      </div>
      <div
        class="option"
      >
        <input
          id="advanced"
          name="plan"
          type="radio"
          value="advanced"
        />
        <div
          height="40"
          width="40"
        />
        <label
          for="advanced"
        >
          Advanced
        </label>
        <p>
          $120/yr
        </p>
        <p>
          2 months free
        </p>
      </div>
      <div
        class="option"
      >
        <input
          id="pro"
          name="plan"
          type="radio"
          value="pro"
        />
        <div
          height="40"
          width="40"
        />
        <label
          for="pro"
        >
          Pro
        </label>
        <p>
          $150/yr
        </p>
        <p>
          2 months free
        </p>
      </div>
      <div
        id="switch"
      >
        <label
          for="switch"
        >
          Monthly
        </label>
        <div
          class="switch"
        >
          <input
            checked=""
            id="switch"
            name="planMode"
            type="checkbox"
          />
        </div>
        <label
          for="switch"
          id="selected"
        >
          Yearly
        </label>
      </div>
    </div>
    <div
      id="controls"
    >
      <button
        class="button"
        id="go_back"
        type="button"
      >
        Go Back
      </button>
      <button
        class="button"
        id="next_step"
        type="button"
      >
        Next Step
      </button>
    </div>
  </div>
</DocumentFragment>
`;
